R1#conf t 
Enter configuration commands, one per line.  End with CNTL/Z.
R1(config)#ip domain-name lab418.com
R1(config)#crypto key generate rsa
The name for the keys will be: R1.lab418.com
Choose the size of the key modulus in the range of 360 to 2048 for your
  General Purpose Keys. Choosing a key modulus greater than 512 may take
  a few minutes.

How many bits in the modulus [512]: 1024
% Generating 1024 bit RSA keys, keys will be non-exportable...[OK]

R1(config)#
*Mar  1 00:11:40.323: %SSH-5-ENABLED: SSH 2.0 has been enabled
R1(config)#ip ssh version 2
R1(config)#
R1(config)#line vty 0 4
R1(config-line)#login local
R1(config-line)#transport input ssh
R1(config-line)#exit
R1(config)#
R1(config)#username adminlab418 password lab418r00t
R1(config)#ip ssh time-out 120
R1(config)#ip ssh authentification-retries 3
                          ^
% Invalid input detected at '^' marker.

R1(config)#ip ssh authentication-retries 3  
R1(config)#
R1(config)#end
R1#wr 
*Mar  1 00:13:15.579: %SYS-5-CONFIG_I: Configured from console by console
R1#wr mem
Building configuration...
[OK]
R1#
